src/components/ui/resizable.tsx(6,20): error TS2307: Cannot find module '@/lib/utils' or its corresponding type declarations.
src/components/ui/resizable.tsx(11,51): error TS2339: Property 'PanelGroup' does not exist on type 'typeof import("C:/Users/dines/codesync/node_modules/react-resizable-panels/dist/react-resizable-panels")'.
src/components/ui/resizable.tsx(12,3): error TS17004: Cannot use JSX unless the '--jsx' flag is provided.
src/components/ui/resizable.tsx(12,23): error TS2339: Property 'PanelGroup' does not exist on type 'typeof import("C:/Users/dines/codesync/node_modules/react-resizable-panels/dist/react-resizable-panels")'.
src/components/ui/resizable.tsx(27,51): error TS2339: Property 'PanelResizeHandle' does not exist on type 'typeof import("C:/Users/dines/codesync/node_modules/react-resizable-panels/dist/react-resizable-panels")'.
src/components/ui/resizable.tsx(30,3): error TS17004: Cannot use JSX unless the '--jsx' flag is provided.
src/components/ui/resizable.tsx(30,23): error TS2339: Property 'PanelResizeHandle' does not exist on type 'typeof import("C:/Users/dines/codesync/node_modules/react-resizable-panels/dist/react-resizable-panels")'.
src/components/ui/resizable.tsx(38,7): error TS17004: Cannot use JSX unless the '--jsx' flag is provided.
src/components/ui/resizable.tsx(39,9): error TS17004: Cannot use JSX unless the '--jsx' flag is provided.
src/components/ui/resizable.tsx(42,24): error TS2339: Property 'PanelResizeHandle' does not exist on type 'typeof import("C:/Users/dines/codesync/node_modules/react-resizable-panels/dist/react-resizable-panels")'.
